gioenums.h
# gactiongroupexporter.h
# gactiongroup.h
gaction.h
gactionmap.h
gappinfo.h
# gapplicationcommandline.h
# gapplication.h
# gasyncinitable.h
# gasyncresult.h
# gbufferedinputstream.h
# gbufferedoutputstream.h
gbytesicon.h
gcancellable.h
gcharsetconverter.h
gcontenttype.h
# gconverter.h
# gconverterinputstream.h
# gconverteroutputstream.h
gcredentials.h
# gdatagrambased.h
# gdatainputstream.h
# gdataoutputstream.h
# gdbusactiongroup.h
# gdbusaddress.h
# gdbusauthobserver.h
# gdbusconnection.h
# gdbuserror.h
# gdbusinterface.h
# gdbusinterfaceskeleton.h
# gdbusintrospection.h
# gdbusmenumodel.h
# gdbusmessage.h
# gdbusmethodinvocation.h
# gdbusnameowning.h
# gdbusnamewatching.h
# gdbusobject.h
# gdbusobjectmanagerclient.h
# gdbusobjectmanager.h
# gdbusobjectmanagerserver.h
# gdbusobjectproxy.h
# gdbusobjectskeleton.h
# gdbusproxy.h
# gdbusserver.h
# gdbusutils.h
# gdebugcontroller.h
# gdebugcontrollerdbus.h
gdrive.h
# gdtlsclientconnection.h
# gdtlsconnection.h
# gdtlsserverconnection.h
gemblemedicon.h
gemblem.h
gfileattribute.h
# gfileenumerator.h
gfile.h
gfileicon.h
gfileinfo.h
# gfileinputstream.h
# gfileiostream.h
gfilemonitor.h
gfilenamecompleter.h
# gfileoutputstream.h
# gfilterinputstream.h
# gfilteroutputstream.h
# gicon.h
ginetaddress.h
ginetaddressmask.h
ginetsocketaddress.h
# ginitable.h
ginputstream.h
# gio-autocleanups.h
# gioenums.h
# gioenumtypes.h
# gioerror.h
# gio.h
# giomodule.h
# gioscheduler.h
# giostream.h
# giotypes.h
# glistmodel.h
# gliststore.h
# gloadableicon.h
# gmemoryinputstream.h
# gmemorymonitor.h
# gmemoryoutputstream.h
gmenu.h
# gmenuexporter.h
gmenumodel.h
gmount.h
gmountoperation.h
# gnativesocketaddress.h
# gnativevolumemonitor.h
gnetworkaddress.h
gnetworking.h
gnetworkmonitor.h
gnetworkservice.h
gnotification.h
# goutputstream.h
# gpermission.h
# gpollableinputstream.h
# gpollableoutputstream.h
# gpollableutils.h
gpowerprofilemonitor.h
# gpropertyaction.h
# gproxyaddressenumerator.h
gproxyaddress.h
# gproxy.h
# gproxyresolver.h
# gremoteactiongroup.h
gresolver.h
gresource.h
# gseekable.h
# uncomment the followin g line if you need functions defined in gsettingsbackend.h
# you will also have to uncomment #include <gsettingsbackend.h> line in slgtk3.c file
# gsettingsbackend.h
gsettings.h
gsettingsschema.h
gsimpleactiongroup.h
gsimpleaction.h
# gsimpleasyncresult.h
# gsimpleiostream.h
# gsimplepermission.h
gsimpleproxyresolver.h
# gsocketaddressenumerator.h
# gsocketaddress.h
# gsocketclient.h
# gsocketconnectable.h
# gsocketconnection.h
# gsocketcontrolmessage.h
gsocket.h
# gsocketlistener.h
# gsocketservice.h
# gsrvtarget.h
# gsubprocess.h
# gsubprocesslauncher.h
# gtask.h
# gtcpconnection.h
# gtcpwrapperconnection.h
# gtestdbus.h
gthemedicon.h
# gthreadedsocketservice.h
# gtlsbackend.h
# gtlscertificate.h
# gtlsclientconnection.h
# gtlsconnection.h
# gtlsdatabase.h
# gtlsfiledatabase.h
# gtlsinteraction.h
# gtlspassword.h
# gtlsserverconnection.h
# gunixconnection.h
# gunixcredentialsmessage.h
# gunixfdlist.h
# gunixsocketaddress.h
gvfs.h
gvolume.h
gvolumemonitor.h
gzlibcompressor.h
gzlibdecompressor.h
